// Jest Snapshot v1, https://goo.gl/fbAQLP

exports[`<Button /> should render the medium size by default 1`] = `
.c0 {
  display: -webkit-inline-box;
  display: -webkit-inline-flex;
  display: -ms-inline-flexbox;
  display: inline-flex;
  -webkit-align-items: center;
  -webkit-box-align: center;
  -ms-flex-align: center;
  align-items: center;
  -webkit-box-pack: center;
  -webkit-justify-content: center;
  -ms-flex-pack: center;
  justify-content: center;
  color: #617480;
  border: 0;
  cursor: pointer;
  border-radius: 0.4rem;
  padding: 0.8rem;
  -webkit-text-decoration: none;
  text-decoration: none;
  background: #DDE9F0;
  -webkit-transition: backgroud,color,0.3s ease-in-out;
  transition: backgroud,color,0.3s ease-in-out;
  height: 4rem;
  font-size: 1.4rem;
  padding: 0.8rem 3.2rem;
}

.c0:hover {
  background: #bad2e0;
}

<button
  class="c0"
  color="blueLow"
>
  <span>
    Fale conosco
  </span>
</button>
`;
