// Jest Snapshot v1, https://goo.gl/fbAQLP

exports[`<TimeTable /> should render the heading 1`] = `
.c0 {
  display: -webkit-box;
  display: -webkit-flex;
  display: -ms-flexbox;
  display: flex;
  -webkit-align-items: center;
  -webkit-box-align: center;
  -ms-flex-align: center;
  align-items: center;
  -webkit-box-pack: center;
  -webkit-justify-content: center;
  -ms-flex-pack: center;
  justify-content: center;
  -webkit-flex-direction: column;
  -ms-flex-direction: column;
  flex-direction: column;
  padding: 1rem;
  width: 10rem;
  height: 8.4rem;
  background: #FFFFFF;
  border-radius: 0.8rem;
  border: 1px solid #DDE9F0;
}

.c0 h3 {
  margin-top: 0.8rem;
  color: #123952;
}

.c0 h4 {
  font-weight: 300;
  color: #617480;
}

<article
  class="c0"
>
  <h4>
    Domingo
  </h4>
  <h3>
    8h - 17h
  </h3>
</article>
`
